Traceback (most recent call last):
  File "/home/gokhan/.local/lib/python3.12/site-packages/botasaurus/browser_decorator.py", line 199, in run_task
    result = func(driver, data)
             ^^^^^^^^^^^^^^^^^^
  File "<stdin>", line 11, in scrape
  File "/home/gokhan/.local/lib/python3.12/site-packages/botasaurus_driver/driver.py", line 2172, in get
    self._tab = self._browser.get(link, )
                ^^^^^^^^^^^^^^^^^^^^^^^^^
  File "/home/gokhan/.local/lib/python3.12/site-packages/botasaurus_driver/core/browser.py", line 310, in get
    frame_id, _, *_ = connection.send(cdp.page.navigate(url, referrer=referrer))
                      ^^^^^^^^^^^^^^^^^^^^^^^^^^^^^^^^^^^^^^^^^^^^^^^^^^^^^^^^^^
  File "/home/gokhan/.local/lib/python3.12/site-packages/botasaurus_driver/core/connection.py", line 290, in send
    return self.perform_send(cdp_obj, _is_update, wait_for_response)
           ^^^^^^^^^^^^^^^^^^^^^^^^^^^^^^^^^^^^^^^^^^^^^^^^^^^^^^^^^
  File "/home/gokhan/.local/lib/python3.12/site-packages/botasaurus_driver/core/connection.py", line 311, in perform_send
    result = parse_response(result, cdp_obj)
             ^^^^^^^^^^^^^^^^^^^^^^^^^^^^^^^
  File "/home/gokhan/.local/lib/python3.12/site-packages/botasaurus_driver/core/connection.py", line 50, in parse_response
    raise ChromeException(response["error"])
botasaurus_driver.exceptions.ChromeException: Cannot navigate to invalid URL [code: -32000]
