[    2272ms] [ERROR] TypeError: Cannot read properties of undefined (reading 'props')
    at Proxy.sentry (https://assets.lemonsqueezy.com/1a2978539d554eed26e3dea55a9b63a506bd49eb/build/assets/app-4PX4DIHe.js:110:209153)
    at Vn.fn (https://assets.lemonsqueezy.com/1a2978539d554eed26e3dea55a9b63a506bd49eb/build/assets/useCheckoutState-DCl22a75.js:9:9413)
    at Vn.run (https://assets.lemonsqueezy.com/1a2978539d554eed26e3dea55a9b63a506bd49eb/build/assets/useCheckoutState-DCl22a75.js:9:1517)
    at get value (https://assets.lemonsqueezy.com/1a2978539d554eed26e3dea55a9b63a506bd49eb/build/assets/useCheckoutState-DCl22a75.js:9:9658)
    at Object.get [as sentry] (https://assets.lemonsqueezy.com/1a2978539d554eed26e3dea55a9b63a506bd49eb/build/assets/useCheckoutState-DCl22a75.js:16:26276)
    at Object.get (https://assets.lemonsqueezy.com/1a2978539d554eed26e3dea55a9b63a506bd49eb/build/assets/useCheckoutState-DCl22a75.js:16:23775)
    at o (https://assets.lemonsqueezy.com/1a2978539d554eed26e3dea55a9b63a506bd49eb/build/assets/useCheckoutState-DCl22a75.js:16:27238)
    at It (https://assets.lemonsqueezy.com/1a2978539d554eed26e3dea55a9b63a506bd49eb/build/assets/useCheckoutState-DCl22a75.js:16:1997)
    at Vn.f [as fn] (https://assets.lemonsqueezy.com/1a2978539d554eed26e3dea55a9b63a506bd49eb/build/assets/useCheckoutState-DCl22a75.js:16:12771)
    at Vn.run (https://assets.lemonsqueezy.com/1a2978539d554eed26e3dea55a9b63a506bd49eb/build/assets/useCheckoutState-DCl22a75.js:9:1517)
    at ao (https://assets.lemonsqueezy.com/1a2978539d554eed26e3dea55a9b63a506bd49eb/build/assets/useCheckoutState-DCl22a75.js:16:13468)
    at xn (https://assets.lemonsqueezy.com/1a2978539d554eed26e3dea55a9b63a506bd49eb/build/assets/useCheckoutState-DCl22a75.js:16:12381)
    at vp (https://assets.lemonsqueezy.com/1a2978539d554eed26e3dea55a9b63a506bd49eb/build/assets/useCheckoutState-DCl22a75.js:16:27292)
    at og (https://assets.lemonsqueezy.com/1a2978539d554eed26e3dea55a9b63a506bd49eb/build/assets/useCheckoutState-DCl22a75.js:16:26326)
    at jp (https://assets.lemonsqueezy.com/1a2978539d554eed26e3dea55a9b63a506bd49eb/build/assets/useCheckoutState-DCl22a75.js:24:18764)
    at Ig (https://assets.lemonsqueezy.com/1a2978539d554eed26e3dea55a9b63a506bd49eb/build/assets/useCheckoutState-DCl22a75.js:24:18213)
    at Lp (https://assets.lemonsqueezy.com/1a2978539d554eed26e3dea55a9b63a506bd49eb/build/assets/useCheckoutState-DCl22a75.js:24:17847)
    at H (https://assets.lemonsqueezy.com/1a2978539d554eed26e3dea55a9b63a506bd49eb/build/assets/useCheckoutState-DCl22a75.js:24:4314)
    at $ (https://assets.lemonsqueezy.com/1a2978539d554eed26e3dea55a9b63a506bd49eb/build/assets/useCheckoutState-DCl22a75.js:24:4207)
    at g (https://assets.lemonsqueezy.com/1a2978539d554eed26e3dea55a9b63a506bd49eb/build/assets/useCheckoutState-DCl22a75.js:24:1156)
    at rc (https://assets.lemonsqueezy.com/1a2978539d554eed26e3dea55a9b63a506bd49eb/build/assets/useCheckoutState-DCl22a75.js:24:9415)
    at mount (https://assets.lemonsqueezy.com/1a2978539d554eed26e3dea55a9b63a506bd49eb/build/assets/useCheckoutState-DCl22a75.js:16:29763)
    at t.mount (https://assets.lemonsqueezy.com/1a2978539d554eed26e3dea55a9b63a506bd49eb/build/assets/useCheckoutState-DCl22a75.js:28:18199)
    at setup (https://assets.lemonsqueezy.com/1a2978539d554eed26e3dea55a9b63a506bd49eb/build/assets/app-4PX4DIHe.js:110:209689)
    at https://assets.lemonsqueezy.com/1a2978539d554eed26e3dea55a9b63a506bd49eb/build/assets/useCheckoutState-DCl22a75.js:104:15458
    at async h$ (https://assets.lemonsqueezy.com/1a2978539d554eed26e3dea55a9b63a506bd49eb/build/assets/useCheckoutState-DCl22a75.js:104:15290) @ https://assets.lemonsqueezy.com/1a2978539d554eed26e3dea55a9b63a506bd49eb/build/assets/app-4PX4DIHe.js:71
[    2839ms] [ERROR] Failed to load resource: net::ERR_CONNECTION_RESET @ https://o4505075539902464.ingest.us.sentry.io/api/4505076398489600/envelope/?sentry_version=7&sentry_key=9b4670a486538110e9a1969dbceb8446&sentry_client=sentry.javascript.vue%2F10.32.1:0
[    3085ms] [ERROR] Failed to load resource: net::ERR_CONNECTION_RESET @ https://o4505075539902464.ingest.us.sentry.io/api/4505076398489600/envelope/?sentry_version=7&sentry_key=9b4670a486538110e9a1969dbceb8446&sentry_client=sentry.javascript.vue%2F10.32.1:0
[    4562ms] [ERROR] Failed to load resource: the server responded with a status of 401 () @ https://auth.lemonsqueezy.com/user?cart=f24231ab-88e4-4bb0-a3f2-066be0a09f23:0
[    5718ms] [WARNING] [Stripe.js] The following payment method types are not activated:

- link

They will be displayed in test mode, but hidden in live mode. Please activate the payment method types in your dashboard (https://dashboard.stripe.com/settings/payment_methods) and ensure your account is enabled for any preview features that you are trying to use. @ https://js.stripe.com/v3/fingerprinted/js/controller-with-preconnect-e-75b68a3ce35474cc7c833b9879c4b4d3.js:0
[    6341ms] [WARNING] [Stripe.js] You have not registered or verified the domain, so the following payment methods are not enabled in the Payment Element: 

- apple_pay

Please follow https://stripe.com/docs/payments/payment-methods/pmd-registration to register and verify the domain. @ https://js.stripe.com/v3/fingerprinted/js/controller-with-preconnect-e-75b68a3ce35474cc7c833b9879c4b4d3.js:0
[    9726ms] [ERROR] Failed to load resource: net::ERR_CONNECTION_RESET @ https://o4505075539902464.ingest.us.sentry.io/api/4505076398489600/envelope/?sentry_version=7&sentry_key=9b4670a486538110e9a1969dbceb8446&sentry_client=sentry.javascript.vue%2F10.32.1:0
[   13494ms] [ERROR] Failed to load resource: the server responded with a status of 403 () @ https://profitbridge.lemonsqueezy.com/:0
[   13586ms] [INFO] Loading the script 'https://assets.lemonsqueezy.com/1a2978539d554eed26e3dea55a9b63a506bd49eb/build/assets/app-4PX4DIHe.js' violates the following Content Security Policy directive: "script-src 'unsafe-inline' 'unsafe-eval'". Note that 'script-src-elem' was not explicitly set, so 'script-src' is used as a fallback. The policy is report-only, so the violation has been logged but no further action has been taken. @ https://profitbridge.lemonsqueezy.com/:28
[   13588ms] [INFO] Loading the script 'https://assets.lemonsqueezy.com/1a2978539d554eed26e3dea55a9b63a506bd49eb/build/assets/route-Tg--4sgm.js' violates the following Content Security Policy directive: "script-src 'unsafe-inline' 'unsafe-eval'". Note that 'script-src-elem' was not explicitly set, so 'script-src' is used as a fallback. The policy is report-only, so the violation has been logged but no further action has been taken. @ https://profitbridge.lemonsqueezy.com/:28
[   13590ms] [INFO] Loading the script 'https://assets.lemonsqueezy.com/1a2978539d554eed26e3dea55a9b63a506bd49eb/build/assets/useCheckoutState-DCl22a75.js' violates the following Content Security Policy directive: "script-src 'unsafe-inline' 'unsafe-eval'". Note that 'script-src-elem' was not explicitly set, so 'script-src' is used as a fallback. The policy is report-only, so the violation has been logged but no further action has been taken. @ https://profitbridge.lemonsqueezy.com/:28
[   13598ms] [INFO] Loading the script 'https://assets.lemonsqueezy.com/1a2978539d554eed26e3dea55a9b63a506bd49eb/static/customer.js' violates the following Content Security Policy directive: "script-src 'unsafe-inline' 'unsafe-eval'". Note that 'script-src-elem' was not explicitly set, so 'script-src' is used as a fallback. The policy is report-only, so the violation has been logged but no further action has been taken. @ https://profitbridge.lemonsqueezy.com/:0
[   13598ms] [INFO] Loading the script 'https://static.cloudflareinsights.com/beacon.min.js/v8c78df7c7c0f484497ecbca7046644da1771523124516' violates the following Content Security Policy directive: "script-src 'unsafe-inline' 'unsafe-eval'". Note that 'script-src-elem' was not explicitly set, so 'script-src' is used as a fallback. The policy is report-only, so the violation has been logged but no further action has been taken. @ https://profitbridge.lemonsqueezy.com/:0
[   14077ms] [INFO] Loading the script 'https://assets.lemonsqueezy.com/1a2978539d554eed26e3dea55a9b63a506bd49eb/build/assets/Error-DqOJY9Fi.js' violates the following Content Security Policy directive: "script-src 'unsafe-inline' 'unsafe-eval'". Note that 'script-src-elem' was not explicitly set, so 'script-src' is used as a fallback. The policy is report-only, so the violation has been logged but no further action has been taken. @ https://assets.lemonsqueezy.com/1a2978539d554eed26e3dea55a9b63a506bd49eb/build/assets/route-Tg--4sgm.js:0
[   14079ms] [INFO] Loading the script 'https://assets.lemonsqueezy.com/1a2978539d554eed26e3dea55a9b63a506bd49eb/build/assets/ErrorLayout-gQepy0zl.js' violates the following Content Security Policy directive: "script-src 'unsafe-inline' 'unsafe-eval'". Note that 'script-src-elem' was not explicitly set, so 'script-src' is used as a fallback. The policy is report-only, so the violation has been logged but no further action has been taken. @ https://assets.lemonsqueezy.com/1a2978539d554eed26e3dea55a9b63a506bd49eb/build/assets/route-Tg--4sgm.js:0
[   14080ms] [INFO] Loading the script 'https://assets.lemonsqueezy.com/1a2978539d554eed26e3dea55a9b63a506bd49eb/build/assets/TestModeNotice-7hwQ6AgK.js' violates the following Content Security Policy directive: "script-src 'unsafe-inline' 'unsafe-eval'". Note that 'script-src-elem' was not explicitly set, so 'script-src' is used as a fallback. The policy is report-only, so the violation has been logged but no further action has been taken. @ https://assets.lemonsqueezy.com/1a2978539d554eed26e3dea55a9b63a506bd49eb/build/assets/route-Tg--4sgm.js:0
[   14081ms] [INFO] Loading the script 'https://assets.lemonsqueezy.com/1a2978539d554eed26e3dea55a9b63a506bd49eb/build/assets/_plugin-vue_export-helper-5heKHmp9.js' violates the following Content Security Policy directive: "script-src 'unsafe-inline' 'unsafe-eval'". Note that 'script-src-elem' was not explicitly set, so 'script-src' is used as a fallback. The policy is report-only, so the violation has been logged but no further action has been taken. @ https://assets.lemonsqueezy.com/1a2978539d554eed26e3dea55a9b63a506bd49eb/build/assets/route-Tg--4sgm.js:0
[   14149ms] [INFO] Connecting to 'https://profitbridge.lemonsqueezy.com/cdn-cgi/rum?' violates the following Content Security Policy directive: "connect-src 'none'". The policy is report-only, so the violation has been logged but no further action has been taken. @ https://static.cloudflareinsights.com/beacon.min.js/v8c78df7c7c0f484497ecbca7046644da1771523124516:0
[   14239ms] [INFO] Connecting to 'https://o4505075539902464.ingest.us.sentry.io/api/4505076398489600/envelope/?sentry_version=7&sentry_key=9b4670a486538110e9a1969dbceb8446&sentry_client=sentry.javascript.vue%2F10.32.1' violates the following Content Security Policy directive: "connect-src 'none'". The policy is report-only, so the violation has been logged but no further action has been taken. @ https://profitbridge.lemonsqueezy.com/:0
[   14240ms] [INFO] Connecting to 'https://o4505075539902464.ingest.us.sentry.io/api/4505076398489600/envelope/?sentry_version=7&sentry_key=9b4670a486538110e9a1969dbceb8446&sentry_client=sentry.javascript.vue%2F10.32.1' violates the following Content Security Policy directive: "connect-src 'none'". The policy is report-only, so the violation has been logged but no further action has been taken. @ https://profitbridge.lemonsqueezy.com/:0
[   14256ms] [INFO] Creating a worker from 'blob:https://profitbridge.lemonsqueezy.com/adecd0fd-b8de-4a95-9993-682c031229a6' violates the following Content Security Policy directive: "script-src 'unsafe-inline' 'unsafe-eval'". Note that 'worker-src' was not explicitly set, so 'script-src' is used as a fallback. The policy is report-only, so the violation has been logged but no further action has been taken. @ https://assets.lemonsqueezy.com/1a2978539d554eed26e3dea55a9b63a506bd49eb/build/assets/app-4PX4DIHe.js:77
[   14345ms] [ERROR] TypeError: Cannot read properties of undefined (reading 'props')
    at Proxy.sentry (https://assets.lemonsqueezy.com/1a2978539d554eed26e3dea55a9b63a506bd49eb/build/assets/app-4PX4DIHe.js:110:209153)
    at Vn.fn (https://assets.lemonsqueezy.com/1a2978539d554eed26e3dea55a9b63a506bd49eb/build/assets/useCheckoutState-DCl22a75.js:9:9413)
    at Vn.run (https://assets.lemonsqueezy.com/1a2978539d554eed26e3dea55a9b63a506bd49eb/build/assets/useCheckoutState-DCl22a75.js:9:1517)
    at get value (https://assets.lemonsqueezy.com/1a2978539d554eed26e3dea55a9b63a506bd49eb/build/assets/useCheckoutState-DCl22a75.js:9:9658)
    at Object.get [as sentry] (https://assets.lemonsqueezy.com/1a2978539d554eed26e3dea55a9b63a506bd49eb/build/assets/useCheckoutState-DCl22a75.js:16:26276)
    at Object.get (https://assets.lemonsqueezy.com/1a2978539d554eed26e3dea55a9b63a506bd49eb/build/assets/useCheckoutState-DCl22a75.js:16:23775)
    at o (https://assets.lemonsqueezy.com/1a2978539d554eed26e3dea55a9b63a506bd49eb/build/assets/useCheckoutState-DCl22a75.js:16:27238)
    at It (https://assets.lemonsqueezy.com/1a2978539d554eed26e3dea55a9b63a506bd49eb/build/assets/useCheckoutState-DCl22a75.js:16:1997)
    at Vn.f [as fn] (https://assets.lemonsqueezy.com/1a2978539d554eed26e3dea55a9b63a506bd49eb/build/assets/useCheckoutState-DCl22a75.js:16:12771)
    at Vn.run (https://assets.lemonsqueezy.com/1a2978539d554eed26e3dea55a9b63a506bd49eb/build/assets/useCheckoutState-DCl22a75.js:9:1517)
    at ao (https://assets.lemonsqueezy.com/1a2978539d554eed26e3dea55a9b63a506bd49eb/build/assets/useCheckoutState-DCl22a75.js:16:13468)
    at xn (https://assets.lemonsqueezy.com/1a2978539d554eed26e3dea55a9b63a506bd49eb/build/assets/useCheckoutState-DCl22a75.js:16:12381)
    at vp (https://assets.lemonsqueezy.com/1a2978539d554eed26e3dea55a9b63a506bd49eb/build/assets/useCheckoutState-DCl22a75.js:16:27292)
    at og (https://assets.lemonsqueezy.com/1a2978539d554eed26e3dea55a9b63a506bd49eb/build/assets/useCheckoutState-DCl22a75.js:16:26326)
    at jp (https://assets.lemonsqueezy.com/1a2978539d554eed26e3dea55a9b63a506bd49eb/build/assets/useCheckoutState-DCl22a75.js:24:18764)
    at Ig (https://assets.lemonsqueezy.com/1a2978539d554eed26e3dea55a9b63a506bd49eb/build/assets/useCheckoutState-DCl22a75.js:24:18213)
    at Lp (https://assets.lemonsqueezy.com/1a2978539d554eed26e3dea55a9b63a506bd49eb/build/assets/useCheckoutState-DCl22a75.js:24:17847)
    at H (https://assets.lemonsqueezy.com/1a2978539d554eed26e3dea55a9b63a506bd49eb/build/assets/useCheckoutState-DCl22a75.js:24:4314)
    at $ (https://assets.lemonsqueezy.com/1a2978539d554eed26e3dea55a9b63a506bd49eb/build/assets/useCheckoutState-DCl22a75.js:24:4207)
    at g (https://assets.lemonsqueezy.com/1a2978539d554eed26e3dea55a9b63a506bd49eb/build/assets/useCheckoutState-DCl22a75.js:24:1156)
    at rc (https://assets.lemonsqueezy.com/1a2978539d554eed26e3dea55a9b63a506bd49eb/build/assets/useCheckoutState-DCl22a75.js:24:9415)
    at mount (https://assets.lemonsqueezy.com/1a2978539d554eed26e3dea55a9b63a506bd49eb/build/assets/useCheckoutState-DCl22a75.js:16:29763)
    at t.mount (https://assets.lemonsqueezy.com/1a2978539d554eed26e3dea55a9b63a506bd49eb/build/assets/useCheckoutState-DCl22a75.js:28:18199)
    at setup (https://assets.lemonsqueezy.com/1a2978539d554eed26e3dea55a9b63a506bd49eb/build/assets/app-4PX4DIHe.js:110:209689)
    at https://assets.lemonsqueezy.com/1a2978539d554eed26e3dea55a9b63a506bd49eb/build/assets/useCheckoutState-DCl22a75.js:104:15458
    at async h$ (https://assets.lemonsqueezy.com/1a2978539d554eed26e3dea55a9b63a506bd49eb/build/assets/useCheckoutState-DCl22a75.js:104:15290) @ https://assets.lemonsqueezy.com/1a2978539d554eed26e3dea55a9b63a506bd49eb/build/assets/app-4PX4DIHe.js:71
[   14420ms] [INFO] Connecting to 'https://o4505075539902464.ingest.us.sentry.io/api/4505076398489600/envelope/?sentry_version=7&sentry_key=9b4670a486538110e9a1969dbceb8446&sentry_client=sentry.javascript.vue%2F10.32.1' violates the following Content Security Policy directive: "connect-src 'none'". The policy is report-only, so the violation has been logged but no further action has been taken. @ https://profitbridge.lemonsqueezy.com/:0
[   14420ms] [INFO] Connecting to 'https://o4505075539902464.ingest.us.sentry.io/api/4505076398489600/envelope/?sentry_version=7&sentry_key=9b4670a486538110e9a1969dbceb8446&sentry_client=sentry.javascript.vue%2F10.32.1' violates the following Content Security Policy directive: "connect-src 'none'". The policy is report-only, so the violation has been logged but no further action has been taken. @ https://profitbridge.lemonsqueezy.com/:0
[   14422ms] [INFO] Connecting to 'https://o4505075539902464.ingest.us.sentry.io/api/4505076398489600/envelope/?sentry_version=7&sentry_key=9b4670a486538110e9a1969dbceb8446&sentry_client=sentry.javascript.vue%2F10.32.1' violates the following Content Security Policy directive: "connect-src 'none'". The policy is report-only, so the violation has been logged but no further action has been taken. @ https://profitbridge.lemonsqueezy.com/:0
[   14423ms] [INFO] Connecting to 'https://o4505075539902464.ingest.us.sentry.io/api/4505076398489600/envelope/?sentry_version=7&sentry_key=9b4670a486538110e9a1969dbceb8446&sentry_client=sentry.javascript.vue%2F10.32.1' violates the following Content Security Policy directive: "connect-src 'none'". The policy is report-only, so the violation has been logged but no further action has been taken. @ https://profitbridge.lemonsqueezy.com/:0
[   19317ms] [INFO] Connecting to 'https://dataplane.rum.us-east-2.amazonaws.com/appmonitors/b09e66c8-4785-4998-a427-2758f0d185bb' violates the following Content Security Policy directive: "connect-src 'none'". The policy is report-only, so the violation has been logged but no further action has been taken. @ https://assets.lemonsqueezy.com/1a2978539d554eed26e3dea55a9b63a506bd49eb/build/assets/app-4PX4DIHe.js:27
[   19319ms] [INFO] Connecting to 'https://dataplane.rum.us-east-2.amazonaws.com/appmonitors/b09e66c8-4785-4998-a427-2758f0d185bb' violates the following Content Security Policy directive: "connect-src 'none'". The policy is report-only, so the violation has been logged but no further action has been taken. @ https://assets.lemonsqueezy.com/1a2978539d554eed26e3dea55a9b63a506bd49eb/build/assets/app-4PX4DIHe.js:27
[   27407ms] [INFO] Connecting to 'https://profitbridge.lemonsqueezy.com/cdn-cgi/rum?' violates the following Content Security Policy directive: "connect-src 'none'". The policy is report-only, so the violation has been logged but no further action has been taken. @ https://static.cloudflareinsights.com/beacon.min.js/v8c78df7c7c0f484497ecbca7046644da1771523124516:0
[   27407ms] [INFO] Connecting to 'https://profitbridge.lemonsqueezy.com/cdn-cgi/rum?' violates the following Content Security Policy directive: "connect-src 'none'". The policy is report-only, so the violation has been logged but no further action has been taken. @ https://static.cloudflareinsights.com/beacon.min.js/v8c78df7c7c0f484497ecbca7046644da1771523124516:0
[   27409ms] [INFO] Connecting to 'https://o4505075539902464.ingest.us.sentry.io/api/4505076398489600/envelope/?sentry_version=7&sentry_key=9b4670a486538110e9a1969dbceb8446&sentry_client=sentry.javascript.vue%2F10.32.1' violates the following Content Security Policy directive: "connect-src 'none'". The policy is report-only, so the violation has been logged but no further action has been taken. @ https://profitbridge.lemonsqueezy.com/:0
[   27409ms] [INFO] Connecting to 'https://o4505075539902464.ingest.us.sentry.io/api/4505076398489600/envelope/?sentry_version=7&sentry_key=9b4670a486538110e9a1969dbceb8446&sentry_client=sentry.javascript.vue%2F10.32.1' violates the following Content Security Policy directive: "connect-src 'none'". The policy is report-only, so the violation has been logged but no further action has been taken. @ https://profitbridge.lemonsqueezy.com/:0
[   27414ms] [INFO] Connecting to 'https://dataplane.rum.us-east-2.amazonaws.com/appmonitors/b09e66c8-4785-4998-a427-2758f0d185bb?X-Amz-Algorithm=AWS4-HMAC-SHA256&X-Amz-Content-Sha256=8beb99b8c15d2c3ff584cfc053f422c64d224bfa19001dadd29135bb3fdb376e&X-Amz-Credential=ASIAZALFIFMPD6M55AH3%2F20260408%2Fus-east-2%2Frum%2Faws4_request&X-Amz-Date=20260408T192706Z&X-Amz-Expires=60&X-Amz-Security-Token=IQoJb3JpZ2luX2VjEDsaCXVzLWVhc3QtMiJHMEUCIQCW9ZqbCXJKyXgyTfinXuycMGdeUtC%2B%2BeqoVwAD8s30cQIgM6RnPPZ3wq0mCUCf54jXUla59gVqj66IWFFFvTso%2BfQqrwUIBRADGgw...AsVOSZnKEz0exBVndmB8LokOj%2FQYWxnvI0JqjsEGifUZaLqocmMqd5etU9jvMliAvKcdhEfQdrtUq7xwGybnCGJCwNY6dtl4mkFP%2FszqA1XXB2A3nwMlB4Lf0O8Qgubydv4OFVxvS4TASTpI1oXmGHODqgARTwpCcI7H6ZSjrZv7yvfe%2BAMpUhYYU9%2BaD2gLVks84yr27b6cLD2yB728BvBD6SbK0AEmFOigHPbkE2cy6b42ntlnZxCT3GjufgAxR5KKicyJRiPmtGaLLS2qXzu3ewAEX4rVuDwKTm4wQByajToGrUCNyu4vOz4jTOaTrpVOiLJTmBrnV21erDXKmCaf0TUSGm6yqtaOsWZXAHSGrqLQJ0qqMavhNC6QG&X-Amz-Signature=5d085980c94a540753f46a283389c863bdf9066efe6fa41721ebb6ec8836e0c1&X-Amz-SignedHeaders=content-type%3Bhost' violates the following Content Security Policy directive: "connect-src 'none'". The policy is report-only, so the violation has been logged but no further action has been taken. @ https://assets.lemonsqueezy.com/1a2978539d554eed26e3dea55a9b63a506bd49eb/build/assets/app-4PX4DIHe.js:109
[   27415ms] [INFO] Connecting to 'https://dataplane.rum.us-east-2.amazonaws.com/appmonitors/b09e66c8-4785-4998-a427-2758f0d185bb?X-Amz-Algorithm=AWS4-HMAC-SHA256&X-Amz-Content-Sha256=8beb99b8c15d2c3ff584cfc053f422c64d224bfa19001dadd29135bb3fdb376e&X-Amz-Credential=ASIAZALFIFMPD6M55AH3%2F20260408%2Fus-east-2%2Frum%2Faws4_request&X-Amz-Date=20260408T192706Z&X-Amz-Expires=60&X-Amz-Security-Token=IQoJb3JpZ2luX2VjEDsaCXVzLWVhc3QtMiJHMEUCIQCW9ZqbCXJKyXgyTfinXuycMGdeUtC%2B%2BeqoVwAD8s30cQIgM6RnPPZ3wq0mCUCf54jXUla59gVqj66IWFFFvTso%2BfQqrwUIBRADGgw...AsVOSZnKEz0exBVndmB8LokOj%2FQYWxnvI0JqjsEGifUZaLqocmMqd5etU9jvMliAvKcdhEfQdrtUq7xwGybnCGJCwNY6dtl4mkFP%2FszqA1XXB2A3nwMlB4Lf0O8Qgubydv4OFVxvS4TASTpI1oXmGHODqgARTwpCcI7H6ZSjrZv7yvfe%2BAMpUhYYU9%2BaD2gLVks84yr27b6cLD2yB728BvBD6SbK0AEmFOigHPbkE2cy6b42ntlnZxCT3GjufgAxR5KKicyJRiPmtGaLLS2qXzu3ewAEX4rVuDwKTm4wQByajToGrUCNyu4vOz4jTOaTrpVOiLJTmBrnV21erDXKmCaf0TUSGm6yqtaOsWZXAHSGrqLQJ0qqMavhNC6QG&X-Amz-Signature=5d085980c94a540753f46a283389c863bdf9066efe6fa41721ebb6ec8836e0c1&X-Amz-SignedHeaders=content-type%3Bhost' violates the following Content Security Policy directive: "connect-src 'none'". The policy is report-only, so the violation has been logged but no further action has been taken. @ https://assets.lemonsqueezy.com/1a2978539d554eed26e3dea55a9b63a506bd49eb/build/assets/app-4PX4DIHe.js:109
[   27983ms] [ERROR] TypeError: Cannot read properties of undefined (reading 'props')
    at Proxy.sentry (https://assets.lemonsqueezy.com/1a2978539d554eed26e3dea55a9b63a506bd49eb/build/assets/app-4PX4DIHe.js:110:209153)
    at Vn.fn (https://assets.lemonsqueezy.com/1a2978539d554eed26e3dea55a9b63a506bd49eb/build/assets/useCheckoutState-DCl22a75.js:9:9413)
    at Vn.run (https://assets.lemonsqueezy.com/1a2978539d554eed26e3dea55a9b63a506bd49eb/build/assets/useCheckoutState-DCl22a75.js:9:1517)
    at get value (https://assets.lemonsqueezy.com/1a2978539d554eed26e3dea55a9b63a506bd49eb/build/assets/useCheckoutState-DCl22a75.js:9:9658)
    at Object.get [as sentry] (https://assets.lemonsqueezy.com/1a2978539d554eed26e3dea55a9b63a506bd49eb/build/assets/useCheckoutState-DCl22a75.js:16:26276)
    at Object.get (https://assets.lemonsqueezy.com/1a2978539d554eed26e3dea55a9b63a506bd49eb/build/assets/useCheckoutState-DCl22a75.js:16:23775)
    at o (https://assets.lemonsqueezy.com/1a2978539d554eed26e3dea55a9b63a506bd49eb/build/assets/useCheckoutState-DCl22a75.js:16:27238)
    at It (https://assets.lemonsqueezy.com/1a2978539d554eed26e3dea55a9b63a506bd49eb/build/assets/useCheckoutState-DCl22a75.js:16:1997)
    at Vn.f [as fn] (https://assets.lemonsqueezy.com/1a2978539d554eed26e3dea55a9b63a506bd49eb/build/assets/useCheckoutState-DCl22a75.js:16:12771)
    at Vn.run (https://assets.lemonsqueezy.com/1a2978539d554eed26e3dea55a9b63a506bd49eb/build/assets/useCheckoutState-DCl22a75.js:9:1517)
    at ao (https://assets.lemonsqueezy.com/1a2978539d554eed26e3dea55a9b63a506bd49eb/build/assets/useCheckoutState-DCl22a75.js:16:13468)
    at xn (https://assets.lemonsqueezy.com/1a2978539d554eed26e3dea55a9b63a506bd49eb/build/assets/useCheckoutState-DCl22a75.js:16:12381)
    at vp (https://assets.lemonsqueezy.com/1a2978539d554eed26e3dea55a9b63a506bd49eb/build/assets/useCheckoutState-DCl22a75.js:16:27292)
    at og (https://assets.lemonsqueezy.com/1a2978539d554eed26e3dea55a9b63a506bd49eb/build/assets/useCheckoutState-DCl22a75.js:16:26326)
    at jp (https://assets.lemonsqueezy.com/1a2978539d554eed26e3dea55a9b63a506bd49eb/build/assets/useCheckoutState-DCl22a75.js:24:18764)
    at Ig (https://assets.lemonsqueezy.com/1a2978539d554eed26e3dea55a9b63a506bd49eb/build/assets/useCheckoutState-DCl22a75.js:24:18213)
    at Lp (https://assets.lemonsqueezy.com/1a2978539d554eed26e3dea55a9b63a506bd49eb/build/assets/useCheckoutState-DCl22a75.js:24:17847)
    at H (https://assets.lemonsqueezy.com/1a2978539d554eed26e3dea55a9b63a506bd49eb/build/assets/useCheckoutState-DCl22a75.js:24:4314)
    at $ (https://assets.lemonsqueezy.com/1a2978539d554eed26e3dea55a9b63a506bd49eb/build/assets/useCheckoutState-DCl22a75.js:24:4207)
    at g (https://assets.lemonsqueezy.com/1a2978539d554eed26e3dea55a9b63a506bd49eb/build/assets/useCheckoutState-DCl22a75.js:24:1156)
    at rc (https://assets.lemonsqueezy.com/1a2978539d554eed26e3dea55a9b63a506bd49eb/build/assets/useCheckoutState-DCl22a75.js:24:9415)
    at mount (https://assets.lemonsqueezy.com/1a2978539d554eed26e3dea55a9b63a506bd49eb/build/assets/useCheckoutState-DCl22a75.js:16:29763)
    at t.mount (https://assets.lemonsqueezy.com/1a2978539d554eed26e3dea55a9b63a506bd49eb/build/assets/useCheckoutState-DCl22a75.js:28:18199)
    at setup (https://assets.lemonsqueezy.com/1a2978539d554eed26e3dea55a9b63a506bd49eb/build/assets/app-4PX4DIHe.js:110:209689)
    at https://assets.lemonsqueezy.com/1a2978539d554eed26e3dea55a9b63a506bd49eb/build/assets/useCheckoutState-DCl22a75.js:104:15458
    at async h$ (https://assets.lemonsqueezy.com/1a2978539d554eed26e3dea55a9b63a506bd49eb/build/assets/useCheckoutState-DCl22a75.js:104:15290) @ https://assets.lemonsqueezy.com/1a2978539d554eed26e3dea55a9b63a506bd49eb/build/assets/app-4PX4DIHe.js:71
[   29659ms] [ERROR] Failed to load resource: the server responded with a status of 401 () @ https://auth.lemonsqueezy.com/user?cart=f24231ab-88e4-4bb0-a3f2-066be0a09f23:0
[   29954ms] [ERROR] Executing inline script violates the following Content Security Policy directive 'script-src 'self' www.google.com ajax.cloudflare.com widget.intercom.io js.intercomcdn.com *.paypal.com *.paypalobjects.com cdn.docspring.com connect.facebook.net *.stripe.com *.sentry-cdn.com *.lemonsqueezy.com 'nonce-O3QlaDys01Oq18eaSHENll6R5AsmzFpqeNCr1d3K' assets.lemonsqueezy.com'. Either the 'unsafe-inline' keyword, a hash ('sha256-0JmmTUETUXDHkK3pNmvl/MoDE5MN0DDwFCnqKmhR2Go='), or a nonce ('nonce-...') is required to enable inline execution. The action has been blocked. @ https://www.paypal.com/sdk/js?client-id=AcA9vEmkgk0RP9C6FpKgNAk4veylcU7zebOrslP8ZLfKW9AGJAXWDnQFc3jGvFPc6-9c-P321STV6B2u&disable-funding=card,credit&intent=authorize:2
[   30818ms] [WARNING] [Stripe.js] The following payment method types are not activated:

- link

They will be displayed in test mode, but hidden in live mode. Please activate the payment method types in your dashboard (https://dashboard.stripe.com/settings/payment_methods) and ensure your account is enabled for any preview features that you are trying to use. @ https://js.stripe.com/v3/fingerprinted/js/controller-with-preconnect-b6cffe2f9dc4a52632350bc49b0cc1ae.js:0
[   31176ms] [WARNING] [Stripe.js] You have not registered or verified the domain, so the following payment methods are not enabled in the Payment Element: 

- apple_pay

Please follow https://stripe.com/docs/payments/payment-methods/pmd-registration to register and verify the domain. @ https://js.stripe.com/v3/fingerprinted/js/controller-with-preconnect-b6cffe2f9dc4a52632350bc49b0cc1ae.js:0
[   44493ms] [ERROR] Failed to load resource: net::ERR_TIMED_OUT @ https://o4505075539902464.ingest.us.sentry.io/api/4505076398489600/envelope/?sentry_version=7&sentry_key=9b4670a486538110e9a1969dbceb8446&sentry_client=sentry.javascript.vue%2F10.32.1:0
[   44616ms] [ERROR] Failed to load resource: net::ERR_TIMED_OUT @ https://o4505075539902464.ingest.us.sentry.io/api/4505076398489600/envelope/?sentry_version=7&sentry_key=9b4670a486538110e9a1969dbceb8446&sentry_client=sentry.javascript.vue%2F10.32.1:0
[   57947ms] [ERROR] Failed to load resource: net::ERR_TIMED_OUT @ https://o4505075539902464.ingest.us.sentry.io/api/4505076398489600/envelope/?sentry_version=7&sentry_key=9b4670a486538110e9a1969dbceb8446&sentry_client=sentry.javascript.vue%2F10.32.1:0
[   62978ms] [ERROR] Failed to load resource: net::ERR_TIMED_OUT @ https://o4505075539902464.ingest.us.sentry.io/api/4505076398489600/envelope/?sentry_version=7&sentry_key=9b4670a486538110e9a1969dbceb8446&sentry_client=sentry.javascript.vue%2F10.32.1:0
