🚀 Deploying: Terminal OS (terminal-os)
==================================

📦 Step 1: GitHub Push...
  Repo exists. Pushing updates...
[main ed13b3c] Deploy: Terminal OS
 1 file changed, 3 insertions(+), 3 deletions(-)
branch 'main' set up to track 'origin/main'.
  ✅ GitHub: https://github.com/universe7creator/terminal-os

🌐 Step 2: Vercel Deploy...
  ⚠️  Production URL henüz hazır değil, deployment URL kullanılıyor (geçici)
  ✅ Deployment URL: https://terminal-exporqn1e-madnessqws-projects.vercel.app
  ✅ Public URL: https://terminal-exporqn1e-madnessqws-projects.vercel.app

🏥 Step 3: Health Check...
  Health: {"status":"ok","product":"terminal-os","version":"1.0.0","timestamp":"2026-04-27T02:05:50.153Z"}

🔓 Step 3.5: Disabling SSO Protection...
[2026-04-27 05:05:53] === terminal-os için ssoProtection kapatılıyor ===
[2026-04-27 05:05:59]   ✅ terminal-os — ssoProtection: None
  ✅ Protection disabled

📝 Step 4: Updating product.json...
  ✅ product.json updated

📱 Step 5: Telegram notification...
  ⏭️  Skipped: set SEND_TELEGRAM=1 with TELEGRAM_BOT_TOKEN and TELEGRAM_CHAT_ID to notify

📊 Step 6: Updating STATE.json...
  ✅ STATE.json updated

==================================
✅ DEPLOYMENT COMPLETE!
  🌐 https://terminal-exporqn1e-madnessqws-projects.vercel.app
  📂 https://github.com/universe7creator/terminal-os
  🔗 Webhook: https://terminal-exporqn1e-madnessqws-projects.vercel.app/api/webhook

⏳ Waiting for Polar checkout sync...
