🚀 Deploying: Nginx Config Generator (nginx-config-generator)
==================================

📦 Step 1: GitHub Push...
  Repo exists. Pushing updates...
[main 0554ea9] Deploy: Nginx Config Generator
 6 files changed, 686 insertions(+), 5 deletions(-)
 mode change 100644 => 100755 api/health.js
 mode change 100644 => 100755 api/process.js
 mode change 100644 => 100755 api/webhook.js
 create mode 100644 index.html
branch 'main' set up to track 'origin/main'.
  ✅ GitHub: https://github.com/universe7creator/nginx-config-generator

🌐 Step 2: Vercel Deploy...
  ✅ Deployment URL: https://nginx-config-generator-9ys258hri-madnessqws-projects.vercel.app
  ✅ Public URL: https://nginx-config-generator.vercel.app

🏥 Step 3: Health Check...
  Health: {"status":"ok","product":"nginx-config-generator","version":"1.0.0","timestamp":"2026-04-27T02:05:36.373Z"}

🔓 Step 3.5: Disabling SSO Protection...
[2026-04-27 05:05:39] === nginx-config-generator için ssoProtection kapatılıyor ===
[2026-04-27 05:05:45]   ✅ nginx-config-generator — ssoProtection: None
  ✅ Protection disabled

📝 Step 4: Updating product.json...
  ✅ product.json updated

📱 Step 5: Telegram notification...
  ⏭️  Skipped: set SEND_TELEGRAM=1 with TELEGRAM_BOT_TOKEN and TELEGRAM_CHAT_ID to notify

📊 Step 6: Updating STATE.json...
  ✅ STATE.json updated

==================================
✅ DEPLOYMENT COMPLETE!
  🌐 https://nginx-config-generator.vercel.app
  📂 https://github.com/universe7creator/nginx-config-generator
  🔗 Webhook: https://nginx-config-generator.vercel.app/api/webhook

⏳ Waiting for Polar checkout sync...
