🚀 Deploying: Timestamp Converter Pro (timestamp-converter-pro)
==================================

📦 Step 1: GitHub Push...
  Repo exists. Pushing updates...
[main f0da77d] Deploy: Timestamp Converter Pro
 7 files changed, 112 insertions(+), 6 deletions(-)
 mode change 100644 => 100755 api/health.js
 mode change 100644 => 100755 api/process.js
 mode change 100644 => 100755 api/webhook.js
 create mode 100644 index.html
 create mode 100644 public/og-image.svg
branch 'main' set up to track 'origin/main'.
  ✅ GitHub: https://github.com/universe7creator/timestamp-converter-pro

🌐 Step 2: Vercel Deploy...
  ✅ Deployment URL: https://timestamp-converter-tbcapi7rn-madnessqws-projects.vercel.app
  ✅ Public URL: https://timestamp-converter-pro.vercel.app

🏥 Step 3: Health Check...
  Health: {"status":"ok","product":"timestamp-converter-pro","version":"1.0.0","timestamp":"2026-04-27T02:06:41.455Z"}

🔓 Step 3.5: Disabling SSO Protection...
[2026-04-27 05:06:44] === timestamp-converter-pro için ssoProtection kapatılıyor ===
[2026-04-27 05:06:50]   ✅ timestamp-converter-pro — ssoProtection: None
  ✅ Protection disabled

📝 Step 4: Updating product.json...
  ✅ product.json updated

📱 Step 5: Telegram notification...
  ⏭️  Skipped: set SEND_TELEGRAM=1 with TELEGRAM_BOT_TOKEN and TELEGRAM_CHAT_ID to notify

📊 Step 6: Updating STATE.json...
  ✅ STATE.json updated

==================================
✅ DEPLOYMENT COMPLETE!
  🌐 https://timestamp-converter-pro.vercel.app
  📂 https://github.com/universe7creator/timestamp-converter-pro
  🔗 Webhook: https://timestamp-converter-pro.vercel.app/api/webhook

⏳ Waiting for Polar checkout sync...
